nicec@jaehwan MINGW64 ~
$ pwd
/c/Users/nicec

nicec@jaehwan MINGW64 ~
$ cd../
bash: cd../: No such file or directory

nicec@jaehwan MINGW64 ~
$ dir
AppData
Application\ Data
Contacts
Cookies
Documents
Downloads
Favorites
Links
Local\ Settings
Music
My\ Documents
NTUSER.DAT
NTUSER.DAT{919f59d8-52dd-11ef-ac26-30f6efe98a03}.TM.blf
NTUSER.DAT{919f59d8-52dd-11ef-ac26-30f6efe98a03}.TMContainer00000000000000000001.regtrans-ms
NTUSER.DAT{919f59d8-52dd-11ef-ac26-30f6efe98a03}.TMContainer00000000000000000002.regtrans-ms
NetHood
OneDrive
PrintHood
Recent
Saved\ Games
Searches
SendTo
Templates
Videos
eclipse
ntuser.dat.LOG1
ntuser.dat.LOG2
ntuser.ini
시작\ 메뉴

nicec@jaehwan MINGW64 ~
$ dir
AppData
Application\ Data
Contacts
Cookies
Documents
Downloads
Favorites
Links
Local\ Settings
Music
My\ Documents
NTUSER.DAT
NTUSER.DAT{919f59d8-52dd-11ef-ac26-30f6efe98a03}.TM.blf
NTUSER.DAT{919f59d8-52dd-11ef-ac26-30f6efe98a03}.TMContainer00000000000000000001.regtrans-ms
NTUSER.DAT{919f59d8-52dd-11ef-ac26-30f6efe98a03}.TMContainer00000000000000000002.regtrans-ms
NetHood
OneDrive
PrintHood
Recent
Saved\ Games
Searches
SendTo
Templates
Videos
eclipse
ntuser.dat.LOG1
ntuser.dat.LOG2
ntuser.ini
시작\ 메뉴

nicec@jaehwan MINGW64 ~
$ pwd
/c/Users/nicec

nicec@jaehwan MINGW64 ~
$ cd users
bash: cd: users: No such file or directory

nicec@jaehwan MINGW64 ~
$ dir
AppData
Application\ Data
Contacts
Cookies
Documents
Downloads
Favorites
Links
Local\ Settings
Music
My\ Documents
NTUSER.DAT
NTUSER.DAT{919f59d8-52dd-11ef-ac26-30f6efe98a03}.TM.blf
NTUSER.DAT{919f59d8-52dd-11ef-ac26-30f6efe98a03}.TMContainer00000000000000000001.regtrans-ms
NTUSER.DAT{919f59d8-52dd-11ef-ac26-30f6efe98a03}.TMContainer00000000000000000002.regtrans-ms
NetHood
OneDrive
PrintHood
Recent
Saved\ Games
Searches
SendTo
Templates
Videos
eclipse
ntuser.dat.LOG1
ntuser.dat.LOG2
ntuser.ini
시작\ 메뉴

nicec@jaehwan MINGW64 ~
$ cd../
bash: cd../: No such file or directory

nicec@jaehwan MINGW64 ~
$ cd-
bash: cd-: command not found

nicec@jaehwan MINGW64 ~
$ cd /c

nicec@jaehwan MINGW64 /c
$ dir
$Recycle.Bin              Program\ Files               Windows
$SysReset                 Program\ Files\ (x86)        hiberfil.sys
Documents\ and\ Settings  ProgramData                  javasrc
DumpStack.log.tmp         Recovery                     pagefile.sys
OneDriveTemp              System\ Volume\ Information  swapfile.sys
PerfLogs                  Users

nicec@jaehwan MINGW64 /c
$ pwd
/c

nicec@jaehwan MINGW64 /c
$ cd javasrc

nicec@jaehwan MINGW64 /c/javasrc
$ cd JHSyudy
bash: cd: JHSyudy: No such file or directory

nicec@jaehwan MINGW64 /c/javasrc
$ cd jhjava
bash: cd: jhjava: No such file or directory

nicec@jaehwan MINGW64 /c/javasrc
$ cd jhJava
bash: cd: jhJava: No such file or directory

nicec@jaehwan MINGW64 /c/javasrc
$ dir
JHStudy  day01

nicec@jaehwan MINGW64 /c/javasrc
$ cd JHstudy

nicec@jaehwan MINGW64 /c/javasrc/JHstudy
$ cd jhjava

nicec@jaehwan MINGW64 /c/javasrc/JHstudy/jhjava
$ cd src

nicec@jaehwan MINGW64 /c/javasrc/JHstudy/jhjava/src
$ git config --global user.name 'Jaehwan'

nicec@jaehwan MINGW64 /c/javasrc/JHstudy/jhjava/src
$ git config --global user.email 'nicecatellie@gmail.com'

nicec@jaehwan MINGW64 /c/javasrc/JHstudy/jhjava/src
$ git init
Initialized empty Git repository in C:/javasrc/JHStudy/jhJava/src/.git/

nicec@jaehwan MINGW64 /c/javasrc/JHstudy/jhjava/src (master)
$ git remote

nicec@jaehwan MINGW64 /c/javasrc/JHstudy/jhjava/src (master)
$ git remote add origin https://github.com/Jae-Hwan-Choi/JHJavaStudy.git

nicec@jaehwan MINGW64 /c/javasrc/JHstudy/jhjava/src (master)
$ git remote -v
origin  https://github.com/Jae-Hwan-Choi/JHJavaStudy.git (fetch)
origin  https://github.com/Jae-Hwan-Choi/JHJavaStudy.git (push)

nicec@jaehwan MINGW64 /c/javasrc/JHstudy/jhjava/src (master)
$ git -version
unknown option: -version
usage: git [-v | --version] [-h | --help] [-C <path>] [-c <name>=<value>]
           [--exec-path[=<path>]] [--html-path] [--man-path] [--info-path]
           [-p | --paginate | -P | --no-pager] [--no-replace-objects] [--no-lazy-fetch]
           [--no-optional-locks] [--no-advice] [--bare] [--git-dir=<path>]
           [--work-tree=<path>] [--namespace=<name>] [--config-env=<name>=<envvar>]
           <command> [<args>]

nicec@jaehwan MINGW64 /c/javasrc/JHstudy/jhjava/src (master)
$ git branch main
fatal: not a valid object name: 'master'

nicec@jaehwan MINGW64 /c/javasrc/JHstudy/jhjava/src (master)
$ git add *

nicec@jaehwan MINGW64 /c/javasrc/JHstudy/jhjava/src (master)
$ git status
On branch master

No commits yet

Changes to be committed:
  (use "git rm --cached <file>..." to unstage)
        new file:   "_00\353\263\200\354\210\230/tset01.java"


nicec@jaehwan MINGW64 /c/javasrc/JHstudy/jhjava/src (master)
$ git commit -m '00변수 공부'
[master (root-commit) 86c395b] 00변수 공부
 1 file changed, 20 insertions(+)
 create mode 100644 "_00\353\263\200\354\210\230/tset01.java"

nicec@jaehwan MINGW64 /c/javasrc/JHstudy/jhjava/src (master)
$ git status
On branch master
nothing to commit, working tree clean

nicec@jaehwan MINGW64 /c/javasrc/JHstudy/jhjava/src (master)
$ git branch main

nicec@jaehwan MINGW64 /c/javasrc/JHstudy/jhjava/src (master)
$ git branch
  main
* master

nicec@jaehwan MINGW64 /c/javasrc/JHstudy/jhjava/src (master)
$ git checkput main
git: 'checkput' is not a git command. See 'git --help'.

The most similar command is
        checkout

nicec@jaehwan MINGW64 /c/javasrc/JHstudy/jhjava/src (master)
$ git checkout main
Switched to branch 'main'

nicec@jaehwan MINGW64 /c/javasrc/JHstudy/jhjava/src (main)
$ git push -f origin main
Enumerating objects: 4, done.
Counting objects: 100% (4/4), done.
Delta compression using up to 12 threads
Compressing objects: 100% (2/2), done.
Writing objects: 100% (4/4), 535 bytes | 535.00 KiB/s, done.
Total 4 (delta 0), reused 0 (delta 0), pack-reused 0 (from 0)
To https://github.com/Jae-Hwan-Choi/JHJavaStudy.git
 + 5bd2a78...86c395b main -> main (forced update)

nicec@jaehwan MINGW64 /c/javasrc/JHstudy/jhjava/src (main)
$



올리는 순서
1. cd로 디렉토리 찾아가기
2. /c/javasrc/jhstudy/jhjava/src 
3. git status 로 새로운 데이터 확인
4. git commit -m '제목' <--- 이게 뭔지 모름 제목인듯
5. git push -f origin main  <-- -f는 강제로 전부 바꿈 / origin은 ?? 닉네임? 아이디? 분류? 디렉토리??
	아래는 정상 push 후 나오는 내용
	Enumerating objects: 8, done.
	Counting objects: 100% (8/8), done.	
	Delta compression using up to 12 threads
	Compressing objects: 100% (5/5), done.
	Writing objects: 100% (8/8), 1.03 KiB | 1.03 MiB/s, done.
	Total 8 (delta 0), reused 0 (delta 0), pack-reused 0 (from 0)
	To https://github.com/Jae-Hwan-Choi/JHJavaStudy.git
	 + 81dd140...68e5418 main -> main (forced update)
6. git status 로 남은 데이터 확인



